E9EQPC5ECDZCB$DZED5C1YEDS9E5LE.244C1VF4PVDW1D4C1VF4U$DTD4/61 EDW:534EBWE7UD4C1+F4:OE5C1/61D3DAWEZ$E+%5+3E*:5JQE29D1%E98ED3DG/D.3E/VD+:5TKE%QETJEP:5HECXZCCW6 C15C1K/EBJE1$CUPC6VCI34E44PVD:1DYOA*KE3/DE351$CUPC6VCIE4 24IE4 24R.CTVDS4482E1$CUPC6VCFE4NE1GECC44Z CV3EDZCXW7U.C5ECO%5KWEZED%1DTF4Z CV3EFZC1Q58E41Q5VF4XEDDZCHWED44:.DV3EFZCL85K/EBJE34EIWE8%EI34E44PVD:1DYOA*KE3/DE3534EIWE8%EIE4 24IE4 24R.CTVDS4482E1$CUPC6VCFE45C1*.C:.DL447ECU-D/85/OFL81PVD:1D5 A5ECDZCXW7*.C:.DL35Z444C1L81U$DB%5V9EZED8WE155BPEYOA6VC3LE1Q5.F4TKE93D+.DLQE7LE5$CUF75 A5EC*ZC*24.OE/OBPVDN3D5 BO-D1Q514E6%5$KEBQE656L85I61U.C5ECL%5*KEG/D4T8J.C0%ELWEL354C1F F4C1U.C5ECL%5GECLQEL354344/5C7A4LEDZC%M80B9GECP3DF$DG/D.OEHWES44:8D9PE2349X5P.CH34..DF$DX%7QKD-3E5C1L81F/DF34XW7U.C5EC6%5$KE5PEL85O81:+CTVDU-DW.C6PEZ24XW7Z36/OFI61V.C.UET7AZED8WEE359Z8KWEOCCGECP3DF$DG/D.OEGECDZCB/DSUE$QET9E04E7WERTCNNBDQE$UBIE4E44F/DL85I6114EA%50AF UEU964C1F F4C1RED:241$CUPC6VCZ24XW78E4Z444C1H81*$E1Q55$CBJEEG7H4434EBWEJUDXIA2ECP+8TVDM351$CUPC6VCL85I61REDD443LEZ24XW75/D5UD/OFI61L81U$DB%5V9EZED8WE155BPEYOA6VC3LE1Q5/E43LE04EUF72X4N44M-D2X4$UBIE4D443LE1Q58G5:.DV3EMZC4C1I6114EA%50AF UEU964C1:814C1Y81F34XW7UJCLQE0R67%5HECXZC2X6:.DV3ELZCYOB9KC7WEX45*$E7954C1O81:+CIG58%EY9ESUEHX7 246E4/OFI61L81U$DL%5*KEG/D7-CBE4CQEO-D1Q56PE4C1:81D44/VDDZC/OFI61K813LEF34XW7 ED8%EXEDS%5*KE7WEP+8TVDM3534EIWE8%E1Q5YOB9KC7WE555A95534G%6XQ64C1I61REDD443LEZ24XW75/D5UD/OFI61I61V.C.UEW+8*KEG/D7-C14EO%56WE5$CNJE 243Z80LE$JE*24.OE-3E*24CQEO-D1Q55$CNJE:241$CUPC6VCL85I61I6114EA%50AF UEU964C1I61F FI61F F:81D44/VDDZCRED:246VCUPC6VCZ24XW78E4Z444C1H81*$E1Q55$CBJEEG7H4434EBWEJUDXIA2ECP+8TVDM356VCUPC6VCL85I61REDD443LEZ24XW75/D5UD/OFI61L81U$DB%5V9EZED8WE155BPEYOA6VC3LE1Q5/E43LE04EUF72X4N44M-D2X4$UBIE4D443LE1Q57G5Z CV3EMZC4C1I6114EA%50AF UEU964C1:814C1H81AICEG7A44HECXZCOW6SH8LQE0R64T8UPC6VC555KWEZED%1D5KC8-CL85I61RED:2434EIWE8%EI34XW78E4Z444C1I61V.C.UET7AZED8WEE352X4$UBIE4A44JIC4C1:81D44/VDDZC/OFI61K813LEF34XW7 ED8%EXEDS%5*KE7WEP+8TVDM3534EIWE8%E1Q5VJC1Q5C46:Q6L85I61O81:+C5$CBJE494M44XEDZ444C1I61L81U$DB%5V9EZED8WE155BPEYOA6VC3LE1Q5/E43LE04EUF72X4N44M-D2X4$UBIE4D443LE1Q57G5Z CV3EMZC4C1I61U81BPE9Z8-EDT35L85I61:814C1:814C1F FF F